[ihatetomatoes.net/svg-christmas/index.html]
[backblue.gif]
[fade.gif]
[index.html]
[ihatetomatoes.net/svg-christmas/img/img_svg-christmas_fb.png]
[ihatetomatoes.net/svg-christmas/css/normalize.min.css]
[ihatetomatoes.net/svg-christmas/css/main.min.css]
[ihatetomatoes.net/svg-christmas/js/vendor/modernizr-2.6.2-respond-1.1.0.min.js]
[ihatetomatoes.net/svg-christmas/img/b.gif]
[ihatetomatoes.net/wp-content/uploads/2015/07/img_greensock-workshop-155x220.png]
[ajax.googleapis.com/ajax/libs/jquery/1.11.0/jquery.min.js]
[ihatetomatoes.net/svg-christmas/js/vendor/jquery-1.11.0.min.js]
[cdnjs.cloudflare.com/ajax/libs/gsap/latest/TweenMax.min.js]
[ihatetomatoes.net/svg-christmas/js/app.min.js]
[www.google-analytics.com/ga.js]
[ihatetomatoes.net/svg-christmas/index.html]
[ihatetomatoes.net/svg-christmas/css/normalize.min.css]
[ihatetomatoes.net/svg-christmas/css/main.min.css]
[ihatetomatoes.net/svg-christmas/js/vendor/modernizr-2.6.2-respond-1.1.0.min.js]
[ihatetomatoes.net/svg-christmas/js/vendor/jquery-1.11.0.min.js]
[ihatetomatoes.net/svg-christmas/js/app.min.js]
